Could not find the file: C:\Users\12135\desktop\cs 61c\fa20-proj3-apples\tests\part_b\custom\inputs/slt.s
